2026-06-14T12:57:48.6402761+00:00 ContainerStatus: State: Starting, Action: EstablishingSiteNetworks, LastError: , LastErrorTimestamp: 01/01/0001 00:00:00, LastErrorDetails: , Details: , DetailsLevel: INFO
2026-06-14T12:57:49.7987478+00:00 ContainerStatus: State: Starting, Action: StartingSiteContainers, LastError: , LastErrorTimestamp: 01/01/0001 00:00:00, LastErrorDetails: , Details: , DetailsLevel: INFO
2026-06-14T12:57:49.7988952+00:00 ContainerStatus: Container start method called.
2026-06-14T12:57:49.7989730+00:00 ContainerStatus: State: Starting, Action: PullingImage, LastError: , LastErrorTimestamp: 01/01/0001 00:00:00, LastErrorDetails: , Details: Pulling image mcr.microsoft.com/azure-functions/bookworm/linuxdedicated:4.1048.200-4-python3.12-appservice for insyt-apc-worker-prod-v2., DetailsLevel: INFO
2026-06-14T12:57:49.7991001+00:00 ContainerStatus: Establishing network.
2026-06-14T12:57:49.7992496+00:00 ContainerStatus: Pulling image: azure-functions/bookworm/linuxdedicated:4.1048.200-4-python3.12-appservice.
2026-06-14T12:57:50.3421285+00:00 ContainerStatus: Container is starting.
2026-06-14T12:57:50.3422101+00:00 ContainerStatus: State: Starting, Action: MountingVolumes, LastError: , LastErrorTimestamp: 01/01/0001 00:00:00, LastErrorDetails: , Details: Mounting volumes for insyt-apc-worker-prod-v2., DetailsLevel: INFO
2026-06-14T12:57:50.3423531+00:00 ContainerStatus: Establishing user namespace if not established already.
2026-06-14T12:57:50.3424666+00:00 ContainerStatus: Establishing network if not established already.
2026-06-14T12:57:50.3425889+00:00 ContainerStatus: Mounting volumes.
2026-06-14T12:57:50.3428810+00:00 ContainerStatus: Nested mountpoint 
2026-06-14T12:57:50.3437335+00:00 ContainerStatus: Nested mountpoint volatile/logs
2026-06-14T12:57:50.3505921+00:00 ContainerStatus: Nested mountpoint 
2026-06-14T12:57:50.3577387+00:00 ContainerStatus: Nested mountpoint 
2026-06-14T12:57:50.3594975+00:00 ContainerStatus: Nested mountpoint 
2026-06-14T12:57:50.3728180+00:00 ContainerStatus: Nested mountpoint 
2026-06-14T12:57:50.3891377+00:00 ContainerStatus: State: Starting, Action: CreatingContainer, LastError: , LastErrorTimestamp: 01/01/0001 00:00:00, LastErrorDetails: , Details: Finished pulling container image and mounting volumes for insyt-apc-worker-prod-v2. Allocatinng the rest of the container resources to finish container creation., DetailsLevel: INFO
2026-06-14T12:57:50.3892924+00:00 ContainerStatus: Creating container.
2026-06-14T12:57:50.3894131+00:00 ContainerStatus: Creating pipes for streaming container io.
2026-06-14T12:57:50.3929045+00:00 ContainerStatus: Creating stdout named pipe at /podr/container/pipe/42bad7b27368_insyt-apc-worker-prod-v2/stdout_cd8a1c1583da40b48304e718d4a842da.
2026-06-14T12:57:50.3931195+00:00 ContainerStatus: Successfully created stdout named pipe at: /podr/container/pipe/42bad7b27368_insyt-apc-worker-prod-v2/stdout_cd8a1c1583da40b48304e718d4a842da.
2026-06-14T12:57:50.3932207+00:00 ContainerStatus: Opening named pipe /podr/container/pipe/42bad7b27368_insyt-apc-worker-prod-v2/stdout_cd8a1c1583da40b48304e718d4a842da for reading in non-blocking mode.
2026-06-14T12:57:50.3933582+00:00 ContainerStatus: Successfully opened named pipe: /podr/container/pipe/42bad7b27368_insyt-apc-worker-prod-v2/stdout_cd8a1c1583da40b48304e718d4a842da.
2026-06-14T12:57:50.3934700+00:00 ContainerStatus: Successfully removed non-blocking flag from /podr/container/pipe/42bad7b27368_insyt-apc-worker-prod-v2/stdout_cd8a1c1583da40b48304e718d4a842da.
2026-06-14T12:57:50.3936420+00:00 ContainerStatus: Creating stderr named pipe at /podr/container/pipe/42bad7b27368_insyt-apc-worker-prod-v2/stderr_bed07a040e844e0d832663e067581533.
2026-06-14T12:57:50.3938011+00:00 ContainerStatus: Successfully created stderr named pipe at: /podr/container/pipe/42bad7b27368_insyt-apc-worker-prod-v2/stderr_bed07a040e844e0d832663e067581533.
2026-06-14T12:57:50.3938989+00:00 ContainerStatus: Opening named pipe /podr/container/pipe/42bad7b27368_insyt-apc-worker-prod-v2/stderr_bed07a040e844e0d832663e067581533 for reading in non-blocking mode.
2026-06-14T12:57:50.3940205+00:00 ContainerStatus: Successfully opened named pipe: /podr/container/pipe/42bad7b27368_insyt-apc-worker-prod-v2/stderr_bed07a040e844e0d832663e067581533.
2026-06-14T12:57:50.3941259+00:00 ContainerStatus: Successfully removed non-blocking flag from /podr/container/pipe/42bad7b27368_insyt-apc-worker-prod-v2/stderr_bed07a040e844e0d832663e067581533.
2026-06-14T12:57:50.3942774+00:00 ContainerStatus: Creating container with image: azure-functions/bookworm/linuxdedicated:4.1048.200-4-python3.12-appservice from registry: mcr.microsoft.com and fully qualified image name: mcr.microsoft.com/azure-functions/bookworm/linuxdedicated:4.1048.200-4-python3.12-appservice
2026-06-14T12:57:51.1248638+00:00 ContainerStatus: Starting container: 42bad7b27368_insyt-apc-worker-prod-v2.
2026-06-14T12:57:51.1712305+00:00 ContainerStatus: Starting watchers and probes.
2026-06-14T12:57:51.1720574+00:00 ContainerStatus: Starting metrics collection.
2026-06-14T12:57:51.1722238+00:00 ContainerStatus: Container is running.
2026-06-14T12:57:51.1723278+00:00 ContainerStatus: State: Starting, Action: CreatingContainer, LastError: , LastErrorTimestamp: 01/01/0001 00:00:00, LastErrorDetails: , Details: Container insyt-apc-worker-prod-v2 successfully created and is running., DetailsLevel: INFO
2026-06-14T12:57:51.1726384+00:00 ContainerStream: WEBSITES_INCLUDE_CLOUD_CERTS is not set to true.
2026-06-14T12:57:51.2729024+00:00 ContainerStatus: Container start method finished after 1473 ms.
2026-06-14T12:57:51.2731328+00:00 ContainerStatus: State: Starting, Action: InitiatingSiteWarmUpProbe, LastError: , LastErrorTimestamp: 01/01/0001 00:00:00, LastErrorDetails: , Details: Container insyt-apc-worker-prod-v2 successfully created and is running., DetailsLevel: INFO
2026-06-14T12:57:51.2731692+00:00 ContainerStatus: State: Starting, Action: WaitingForSiteWarmUpProbeSuccess, LastError: , LastErrorTimestamp: 01/01/0001 00:00:00, LastErrorDetails: , Details: Pinging warmup path to ensure container is ready to receive requests., DetailsLevel: INFO
2026-06-14T12:57:51.4618877+00:00 ContainerStream: Starting OpenBSD Secure Shell server: sshd.
2026-06-14T12:57:54.8456333+00:00 ContainerStatus: Site startup probe failed after 3.5598758 seconds.
2026-06-14T12:57:54.9311791+00:00 ContainerStatus: State: Starting, Action: WaitingForSiteWarmUpProbeSuccess, LastError: ContainerTimeout, LastErrorTimestamp: 06/14/2026 12:57:54, LastErrorDetails: Container did not start within expected time limit of 230s. Please inspect your container logs for more details., Details: Pinging warmup path to ensure container is ready to receive requests., DetailsLevel: ERR
2026-06-14T12:57:54.9344558+00:00 ContainerStatus: Failed to start site. Revert by stopping site.
2026-06-14T12:57:54.9376139+00:00 ContainerStatus: State: Stopping, Action: StoppingSite, LastError: ContainerTimeout, LastErrorTimestamp: 06/14/2026 12:57:54, LastErrorDetails: Container did not start within expected time limit of 230s. Please inspect your container logs for more details., Details: Pinging warmup path to ensure container is ready to receive requests., DetailsLevel: ERR
2026-06-14T12:57:54.9422890+00:00 ContainerStatus: State: Stopping, Action: StoppingSiteContainers, LastError: ContainerTimeout, LastErrorTimestamp: 06/14/2026 12:57:54, LastErrorDetails: Container did not start within expected time limit of 230s. Please inspect your container logs for more details., Details: Pinging warmup path to ensure container is ready to receive requests., DetailsLevel: ERR
2026-06-14T12:57:54.9453220+00:00 ContainerStatus: Container is terminating. Grace period: 5 seconds.
2026-06-14T12:57:55.2846487+00:00 ContainerStatus: Stop and delete container. Retry count = 0
2026-06-14T12:57:55.2858120+00:00 ContainerStatus: Stopping container: 42bad7b27368_insyt-apc-worker-prod-v2.
2026-06-14T12:57:57.6029412+00:00 ContainerStream: Hosting environment: Production
2026-06-14T12:57:57.6033096+00:00 ContainerStream: Content root path: /azure-functions-host
2026-06-14T12:57:57.6033561+00:00 ContainerStream: Now listening on: http://[::]:80
2026-06-14T12:57:57.6033627+00:00 ContainerStream: Application started. Press Ctrl+C to shut down.
2026-06-14T12:58:00.0128956+00:00 ContainerStatus: Deleting container: 42bad7b27368_insyt-apc-worker-prod-v2. Retry count = 0
2026-06-14T12:58:00.0805124+00:00 ContainerStatus: Container spec TerminationMessagePolicy  path 
2026-06-14T12:58:00.0825790+00:00 ContainerStatus: Container is terminated. Total time elapsed: 5136 ms.
2026-06-14T12:58:00.0827196+00:00 ContainerStatus: Site container: insyt-apc-worker-prod-v2 terminated during site startup.
2026-06-14T12:58:00.0835720+00:00 ContainerStatus: State: Stopping, Action: CancellingStartup, LastError: ContainerTimeout, LastErrorTimestamp: 06/14/2026 12:57:54, LastErrorDetails: Container did not start within expected time limit of 230s. Please inspect your container logs for more details., Details: Site container: insyt-apc-worker-prod-v2 terminated during site startup. Cancelling site startup., DetailsLevel: ERR
2026-06-14T12:58:00.0882245+00:00 ContainerStatus: Site: insyt-apc-worker-prod-v2 stopped.
========== New Cold Start Attempt (2026-06-14T13:00:41.7580454+00:00) ==========
2026-06-14T13:00:41.7580454+00:00 ContainerStatus: State: Starting, Action: EstablishingSiteNetworks, LastError: , LastErrorTimestamp: 01/01/0001 00:00:00, LastErrorDetails: , Details: , DetailsLevel: INFO
2026-06-14T13:00:42.3503045+00:00 ContainerStatus: State: Starting, Action: StartingMsiContainer, LastError: , LastErrorTimestamp: 01/01/0001 00:00:00, LastErrorDetails: , Details: , DetailsLevel: INFO
2026-06-14T13:00:58.9444796+00:00 ContainerStatus: Site container: insyt-apc-worker-prod-v2_managedIdentity terminated during site startup.
2026-06-14T13:00:58.9456073+00:00 ContainerStatus: State: Starting, Action: StartingMsiContainer, LastError: , LastErrorTimestamp: 01/01/0001 00:00:00, LastErrorDetails: , Details: , DetailsLevel: INFO
2026-06-14T13:00:58.9461953+00:00 ContainerStatus: State: Starting, Action: StartingMsiContainer, LastError: SiteStartupCancelled, LastErrorTimestamp: 06/14/2026 13:00:58, LastErrorDetails: , Details: , DetailsLevel: WARN
