2026-06-14T13:22:20.2789842Z,Updating submodules.,25c23ee9-be15-4c1e-99ae-4a3e4962bf90,0
2026-06-14T13:22:23.8371790Z,Preparing deployment for commit id '369405a9-7'.,0c5cf2b3-7115-40c5-855f-24e03c846a5c,0
2026-06-14T13:22:31.1728569Z,PreDeployment: context.CleanOutputPath False,3394e700-5ec4-4de7-b1bf-9ca641488633,0
2026-06-14T13:22:33.3572172Z,PreDeployment: context.OutputPath /home/site/wwwroot,c6359632-d4b5-4f1c-b067-fa3f1dac6c13,0
2026-06-14T13:22:35.9151344Z,Repository path is /tmp/zipdeploy/extracted,faa4fae6-02b3-46de-a229-1bebfaa823d7,0
2026-06-14T13:22:38.5920772Z,Running oryx build...,aaa35799-d2b2-4bc0-8681-b5e59ecd7f4d,0
	2026-06-14T13:22:39.2198257Z,Command: oryx build /tmp/zipdeploy/extracted -o /tmp/build/expressbuild --platform python --platform-version 3.12 -i /tmp/8deca17fb905870 -p packagedir=.python_packages/lib/site-packages,,0
	2026-06-14T13:22:42.3096112Z,Operation performed by Microsoft Oryx&comma; https://github.com/Microsoft/Oryx,,0
	2026-06-14T13:22:43.0333703Z,You can report issues at https://github.com/Microsoft/Oryx/issues,,0
	2026-06-14T13:22:43.3801065Z,,,0
	2026-06-14T13:22:43.6483839Z,Oryx Version: 0.2.20260513.1+5c94136d0d5c06204a00d688dc7aea902452e52c&comma; Commit: 5c94136d0d5c06204a00d688dc7aea902452e52c&comma; ReleaseTagName: 20260513.1,,0
	2026-06-14T13:22:43.9208077Z,,,0
	2026-06-14T13:22:44.1926596Z,Build Operation ID: 253c82aa5bdda21a,,0
	2026-06-14T13:22:44.5480786Z,Repository Commit : 369405a9-7c41-4726-bb80-a8e0593e9add,,0
	2026-06-14T13:22:44.9743691Z,OS Type           : bookworm,,0
	2026-06-14T13:22:45.4873565Z,Image Type        : githubactions,,0
	2026-06-14T13:22:46.1649761Z,,,0
	2026-06-14T13:22:46.7800345Z,Primary SDK Storage URL: https://oryx-cdn.microsoft.io,,0
	2026-06-14T13:22:47.2328294Z,Backup SDK Storage URL: ,,0
	2026-06-14T13:22:47.6858667Z,ACR SDK Registry URL: (not set),,0
	2026-06-14T13:22:48.3154446Z,SDK provider status:,,0
	2026-06-14T13:22:48.7641724Z,  External ACR SDK provider: Disabled,,0
	2026-06-14T13:22:49.5292667Z,  External SDK provider: Enabled,,0
	2026-06-14T13:22:49.9868862Z,  Direct ACR SDK provider: Disabled,,0
	2026-06-14T13:22:50.5606947Z,  Blob SDK provider: Enabled,,0
	2026-06-14T13:22:51.0283707Z,Detecting platforms...,,0
	2026-06-14T13:22:51.7420416Z,Requesting metadata for platform python from external SDK provider,,0
	2026-06-14T13:22:52.2056120Z,Requesting metadata for platform python from external SDK provider,,0
	2026-06-14T13:22:52.9355042Z,Version resolved using external SDK provider.,,0
	2026-06-14T13:22:53.4048965Z,Detected following platforms:,,0
	2026-06-14T13:22:54.1241493Z,  python: 3.12.13,,0
	2026-06-14T13:22:54.5626007Z,Requesting metadata for platform python from external SDK provider,,0
	2026-06-14T13:22:55.2824754Z,SDK for 'python' version '3.12.13' fetched via external SDK provider.,,0
	2026-06-14T13:22:55.7892892Z,Version '3.12.13' of platform 'python' is not installed. Generating script to install it...,,0
	2026-06-14T13:22:56.5232020Z,,,0
	2026-06-14T13:22:56.9755573Z,Using intermediate directory '/tmp/8deca17fb905870'.,,0
	2026-06-14T13:22:57.5258651Z,,,0
	2026-06-14T13:22:57.8809437Z,Copying files to the intermediate directory...,,0
	2026-06-14T13:22:58.1392732Z,Copying files to intermediate directory done in 0 sec(s).,,0
	2026-06-14T13:22:58.5044097Z,,,0
	2026-06-14T13:22:58.8093908Z,Source directory     : /tmp/8deca17fb905870,,0
	2026-06-14T13:22:59.0456523Z,Destination directory: /tmp/build/expressbuild,,0
	2026-06-14T13:22:59.5000076Z,,,0
	2026-06-14T13:23:00.0759900Z,Installing platform...,,0
	2026-06-14T13:23:00.5269122Z,,,0
	2026-06-14T13:23:01.2374710Z,Downloading and extracting 'python' version '3.12.13' to '/tmp/oryx/platforms/python/3.12.13'...,,0
	2026-06-14T13:23:01.7087609Z,Detected image debian flavor: bookworm.,,0
	2026-06-14T13:23:02.3762837Z,SDK binary download was skipped. Looking for cached tarball...,,0
	2026-06-14T13:23:02.8474035Z,Found tarball at /var/OryxSdks/python/python-bookworm-3.12.13.tar.gz,,0
	2026-06-14T13:23:03.5552883Z,Successfully extracted python version 3.12.13 from cached tarball.,,0
	2026-06-14T13:23:04.0157240Z,,,0
	2026-06-14T13:23:04.6648591Z,Platform installation done in 4 sec(s).,,0
	2026-06-14T13:23:05.1279682Z,Running build script snippets...,,0
	2026-06-14T13:23:05.9198367Z,Python Version: /tmp/oryx/platforms/python/3.12.13/bin/python3.12,,0
	2026-06-14T13:23:06.3910359Z,Creating directory for command manifest file if it does not exist,,0
	2026-06-14T13:23:07.1239917Z,Removing existing manifest file,,0
	2026-06-14T13:23:07.5871653Z,,,0
	2026-06-14T13:23:08.2956323Z,Running pip install...,,0
	2026-06-14T13:23:08.7511378Z,Using preloaded wheels from: /tux-wheels,,0
	2026-06-14T13:23:09.4603280Z,[13:22:49+0000] Looking in links: /tux-wheels,,0
	2026-06-14T13:23:09.9313065Z,[13:22:49+0000] Collecting azure-functions (from -r requirements.txt (line 1)),,0
	2026-06-14T13:23:10.6445957Z,[13:22:49+0000]   Downloading azure_functions-1.24.0-py3-none-any.whl.metadata (7.4 kB),,0
	2026-06-14T13:23:11.0975751Z,[13:22:49+0000] Collecting azure-storage-blob>=12.19.0 (from -r requirements.txt (line 2)),,0
	2026-06-14T13:23:11.5334074Z,[13:22:49+0000]   Downloading azure_storage_blob-12.30.0-py3-none-any.whl.metadata (26 kB),,0
	2026-06-14T13:23:11.8073379Z,[13:22:49+0000] Collecting azure-storage-queue>=12.9.0 (from -r requirements.txt (line 3)),,0
	2026-06-14T13:23:12.1087661Z,[13:22:49+0000]   Downloading azure_storage_queue-12.17.0-py3-none-any.whl.metadata (39 kB),,0
	2026-06-14T13:23:12.3599591Z,[13:22:49+0000] Collecting azure-identity>=1.16.0 (from -r requirements.txt (line 4)),,0
	2026-06-14T13:23:12.7780050Z,[13:22:49+0000]   Downloading azure_identity-1.25.3-py3-none-any.whl.metadata (91 kB),,0
	2026-06-14T13:23:13.1402076Z,[13:22:49+0000] Collecting azure-ai-documentintelligence (from -r requirements.txt (line 5)),,0
	2026-06-14T13:23:13.6108657Z,[13:22:49+0000]   Downloading azure_ai_documentintelligence-1.0.2-py3-none-any.whl.metadata (53 kB),,0
	2026-06-14T13:23:14.3382137Z,[13:22:50+0000] Collecting python-dotenv (from -r requirements.txt (line 6)),,0
	2026-06-14T13:23:14.8060767Z,[13:22:50+0000]   Downloading python_dotenv-1.2.2-py3-none-any.whl.metadata (27 kB),,0
	2026-06-14T13:23:15.5049939Z,[13:22:50+0000] Collecting pydantic (from -r requirements.txt (line 7)),,0
	2026-06-14T13:23:15.9669858Z,[13:22:50+0000]   Downloading pydantic-2.13.4-py3-none-any.whl.metadata (109 kB),,0
	2026-06-14T13:23:16.7121988Z,[13:22:50+0000] Collecting pypdf (from -r requirements.txt (line 8)),,0
	2026-06-14T13:23:17.1579682Z,[13:22:50+0000]   Downloading pypdf-6.13.2-py3-none-any.whl.metadata (7.2 kB),,0
	2026-06-14T13:23:17.9243399Z,[13:22:50+0000] Collecting werkzeug~=3.1.3 (from azure-functions->-r requirements.txt (line 1)),,0
	2026-06-14T13:23:18.4723557Z,[13:22:50+0000]   Downloading werkzeug-3.1.8-py3-none-any.whl.metadata (4.0 kB),,0
	2026-06-14T13:23:19.1175774Z,[13:22:50+0000] Collecting markupsafe>=2.1.1 (from werkzeug~=3.1.3->azure-functions->-r requirements.txt (line 1)),,0
	2026-06-14T13:23:19.5787725Z,[13:22:50+0000]   Downloading markupsafe-3.0.3-cp312-cp312-manylinux2014_x86_64.manylinux_2_17_x86_64.manylinux_2_28_x86_64.whl.metadata (2.7 kB),,0
	2026-06-14T13:23:20.3438485Z,[13:22:50+0000] Collecting azure-core>=1.37.0 (from azure-storage-blob>=12.19.0->-r requirements.txt (line 2)),,0
	2026-06-14T13:23:20.8329231Z,[13:22:50+0000]   Downloading azure_core-1.41.0-py3-none-any.whl.metadata (49 kB),,0
	2026-06-14T13:23:21.5298246Z,[13:22:50+0000] Collecting cryptography>=2.1.4 (from azure-storage-blob>=12.19.0->-r requirements.txt (line 2)),,0
	2026-06-14T13:23:22.0473942Z,[13:22:50+0000]   Downloading cryptography-49.0.0-cp311-abi3-manylinux_2_34_x86_64.whl.metadata (4.3 kB),,0
	2026-06-14T13:23:22.7718247Z,[13:22:50+0000] Collecting typing-extensions>=4.6.0 (from azure-storage-blob>=12.19.0->-r requirements.txt (line 2)),,0
	2026-06-14T13:23:23.2414314Z,[13:22:50+0000]   Downloading typing_extensions-4.15.0-py3-none-any.whl.metadata (3.3 kB),,0
	2026-06-14T13:23:23.9591694Z,[13:22:50+0000] Collecting isodate>=0.6.1 (from azure-storage-blob>=12.19.0->-r requirements.txt (line 2)),,0
	2026-06-14T13:23:24.4336858Z,[13:22:50+0000]   Downloading isodate-0.7.2-py3-none-any.whl.metadata (11 kB),,0
	2026-06-14T13:23:25.0648746Z,[13:22:50+0000] Collecting msal>=1.35.1 (from azure-identity>=1.16.0->-r requirements.txt (line 4)),,0
	2026-06-14T13:23:25.3412045Z,[13:22:50+0000]   Downloading msal-1.37.0-py3-none-any.whl.metadata (11 kB),,0
	2026-06-14T13:23:25.5795501Z,[13:22:50+0000] Collecting msal-extensions>=1.2.0 (from azure-identity>=1.16.0->-r requirements.txt (line 4)),,0
	2026-06-14T13:23:25.9414771Z,[13:22:50+0000]   Downloading msal_extensions-1.3.1-py3-none-any.whl.metadata (7.8 kB),,0
	2026-06-14T13:23:26.2120418Z,[13:22:51+0000] Collecting annotated-types>=0.6.0 (from pydantic->-r requirements.txt (line 7)),,0
	2026-06-14T13:23:26.5112038Z,[13:22:51+0000]   Downloading annotated_types-0.7.0-py3-none-any.whl.metadata (15 kB),,0
	2026-06-14T13:23:26.8734654Z,[13:22:51+0000] Collecting pydantic-core==2.46.4 (from pydantic->-r requirements.txt (line 7)),,0
	2026-06-14T13:23:27.4579959Z,[13:22:52+0000]   Downloading pydantic_core-2.46.4-cp312-cp312-manylinux_2_17_x86_64.manylinux2014_x86_64.whl.metadata (6.6 kB),,0
	2026-06-14T13:23:27.9196862Z,[13:22:52+0000] Collecting typing-inspection>=0.4.2 (from pydantic->-r requirements.txt (line 7)),,0
	2026-06-14T13:23:28.5587559Z,[13:22:52+0000]   Downloading typing_inspection-0.4.2-py3-none-any.whl.metadata (2.6 kB),,0
	2026-06-14T13:23:29.0194201Z,[13:22:52+0000] Collecting requests>=2.21.0 (from azure-core>=1.37.0->azure-storage-blob>=12.19.0->-r requirements.txt (line 2)),,0
	2026-06-14T13:23:29.7195108Z,[13:22:52+0000]   Downloading requests-2.34.2-py3-none-any.whl.metadata (4.8 kB),,0
	2026-06-14T13:23:30.2785077Z,[13:22:52+0000] Collecting cffi>=2.0.0 (from cryptography>=2.1.4->azure-storage-blob>=12.19.0->-r requirements.txt (line 2)),,0
	2026-06-14T13:23:30.9220160Z,[13:22:52+0000]   Downloading cffi-2.0.0-cp312-cp312-manylinux2014_x86_64.manylinux_2_17_x86_64.whl.metadata (2.6 kB),,0
	2026-06-14T13:23:31.4520863Z,[13:22:52+0000] Collecting pycparser (from cffi>=2.0.0->cryptography>=2.1.4->azure-storage-blob>=12.19.0->-r requirements.txt (line 2)),,0
	2026-06-14T13:23:32.0417723Z,[13:22:52+0000]   Downloading pycparser-3.0-py3-none-any.whl.metadata (8.2 kB),,0
	2026-06-14T13:23:32.4954326Z,[13:22:52+0000] Collecting PyJWT<3&comma;>=1.0.0 (from PyJWT[crypto]<3&comma;>=1.0.0->msal>=1.35.1->azure-identity>=1.16.0->-r requirements.txt (line 4)),,0
	2026-06-14T13:23:33.2133957Z,[13:22:52+0000]   Downloading pyjwt-2.13.0-py3-none-any.whl.metadata (3.4 kB),,0
	2026-06-14T13:23:33.6760861Z,[13:22:52+0000] Collecting charset_normalizer<4&comma;>=2 (from requests>=2.21.0->azure-core>=1.37.0->azure-storage-blob>=12.19.0->-r requirements.txt (line 2)),,0
	2026-06-14T13:23:34.5073990Z,[13:22:52+0000]   Downloading charset_normalizer-3.4.7-cp312-cp312-manylinux2014_x86_64.manylinux_2_17_x86_64.manylinux_2_28_x86_64.whl.metadata (40 kB),,0
	2026-06-14T13:23:34.9935062Z,[13:22:52+0000] Collecting idna<4&comma;>=2.5 (from requests>=2.21.0->azure-core>=1.37.0->azure-storage-blob>=12.19.0->-r requirements.txt (line 2)),,0
	2026-06-14T13:23:35.7032440Z,[13:22:52+0000]   Downloading idna-3.18-py3-none-any.whl.metadata (6.1 kB),,0
	2026-06-14T13:23:36.1699960Z,[13:22:52+0000] Collecting urllib3<3&comma;>=1.26 (from requests>=2.21.0->azure-core>=1.37.0->azure-storage-blob>=12.19.0->-r requirements.txt (line 2)),,0
	2026-06-14T13:23:36.8860498Z,[13:22:52+0000]   Downloading urllib3-2.7.0-py3-none-any.whl.metadata (6.9 kB),,0
	2026-06-14T13:23:37.3507627Z,[13:22:52+0000] Collecting certifi>=2023.5.7 (from requests>=2.21.0->azure-core>=1.37.0->azure-storage-blob>=12.19.0->-r requirements.txt (line 2)),,0
	2026-06-14T13:23:38.0732765Z,[13:22:52+0000]   Downloading certifi-2026.5.20-py3-none-any.whl.metadata (2.5 kB),,0
	2026-06-14T13:23:38.5323881Z,[13:22:52+0000] Downloading azure_functions-1.24.0-py3-none-any.whl (108 kB),,0
	2026-06-14T13:23:39.0137625Z,[13:22:52+0000] Downloading werkzeug-3.1.8-py3-none-any.whl (226 kB),,0
	2026-06-14T13:23:39.2861748Z,[13:22:52+0000] Downloading azure_storage_blob-12.30.0-py3-none-any.whl (435 kB),,0
	2026-06-14T13:23:39.5606247Z,[13:22:52+0000] Downloading azure_storage_queue-12.17.0-py3-none-any.whl (189 kB),,0
	2026-06-14T13:23:39.8727696Z,[13:22:52+0000] Downloading azure_identity-1.25.3-py3-none-any.whl (192 kB),,0
	2026-06-14T13:23:40.4742584Z,[13:22:52+0000] Downloading azure_ai_documentintelligence-1.0.2-py3-none-any.whl (106 kB),,0
	2026-06-14T13:23:40.9312915Z,[13:22:52+0000] Downloading python_dotenv-1.2.2-py3-none-any.whl (22 kB),,0
	2026-06-14T13:23:41.3800325Z,[13:22:52+0000] Downloading pydantic-2.13.4-py3-none-any.whl (472 kB),,0
	2026-06-14T13:23:41.9879120Z,[13:22:53+0000] Downloading pydantic_core-2.46.4-cp312-cp312-manylinux_2_17_x86_64.manylinux2014_x86_64.whl (2.1 MB),,0
	2026-06-14T13:23:42.4758751Z,[13:22:53+0000]    ━━━━━━━━━━━━━━━━━━━━━━━━━━━━━━━━━━━━━━━━ 2.1/2.1 MB 16.0 MB/s  0:00:00,,0
	2026-06-14T13:23:43.0624675Z,[13:22:53+0000] Downloading pypdf-6.13.2-py3-none-any.whl (346 kB),,0
	2026-06-14T13:23:43.5276468Z,[13:22:53+0000] Downloading annotated_types-0.7.0-py3-none-any.whl (13 kB),,0
	2026-06-14T13:23:44.0017933Z,[13:22:53+0000] Downloading azure_core-1.41.0-py3-none-any.whl (220 kB),,0
	2026-06-14T13:23:44.6376022Z,[13:22:53+0000] Downloading cryptography-49.0.0-cp311-abi3-manylinux_2_34_x86_64.whl (4.7 MB),,0
	2026-06-14T13:23:45.1992688Z,[13:22:53+0000]    ━━━━━━━━━━━━━━━━━━━━━━━━━━━━━━━━━━━━━━━━ 4.7/4.7 MB 30.1 MB/s  0:00:00,,0
	2026-06-14T13:23:45.7776550Z,[13:22:53+0000] Downloading cffi-2.0.0-cp312-cp312-manylinux2014_x86_64.manylinux_2_17_x86_64.whl (219 kB),,0
	2026-06-14T13:23:46.3765245Z,[13:22:53+0000] Downloading isodate-0.7.2-py3-none-any.whl (22 kB),,0
	2026-06-14T13:23:46.9826427Z,[13:22:53+0000] Downloading markupsafe-3.0.3-cp312-cp312-manylinux2014_x86_64.manylinux_2_17_x86_64.manylinux_2_28_x86_64.whl (22 kB),,0
	2026-06-14T13:23:47.5116962Z,[13:22:53+0000] Downloading msal-1.37.0-py3-none-any.whl (123 kB),,0
	2026-06-14T13:23:48.1909253Z,[13:22:53+0000] Downloading pyjwt-2.13.0-py3-none-any.whl (31 kB),,0
	2026-06-14T13:23:48.7860644Z,[13:22:53+0000] Downloading requests-2.34.2-py3-none-any.whl (73 kB),,0
	2026-06-14T13:23:49.4417315Z,[13:22:53+0000] Downloading charset_normalizer-3.4.7-cp312-cp312-manylinux2014_x86_64.manylinux_2_17_x86_64.manylinux_2_28_x86_64.whl (216 kB),,0
	2026-06-14T13:23:49.8923371Z,[13:22:53+0000] Downloading idna-3.18-py3-none-any.whl (65 kB),,0
	2026-06-14T13:23:50.5163299Z,[13:22:53+0000] Downloading urllib3-2.7.0-py3-none-any.whl (131 kB),,0
	2026-06-14T13:23:51.0370069Z,[13:22:53+0000] Downloading certifi-2026.5.20-py3-none-any.whl (134 kB),,0
	2026-06-14T13:23:51.6220692Z,[13:22:53+0000] Downloading msal_extensions-1.3.1-py3-none-any.whl (20 kB),,0
	2026-06-14T13:23:52.2258594Z,[13:22:53+0000] Downloading typing_extensions-4.15.0-py3-none-any.whl (44 kB),,0
	2026-06-14T13:23:52.8387738Z,[13:22:53+0000] Downloading typing_inspection-0.4.2-py3-none-any.whl (14 kB),,0
	2026-06-14T13:23:53.2957212Z,[13:22:53+0000] Downloading pycparser-3.0-py3-none-any.whl (48 kB),,0
	2026-06-14T13:23:53.5398663Z,[13:22:53+0000] Installing collected packages: urllib3&comma; typing-extensions&comma; python-dotenv&comma; pypdf&comma; PyJWT&comma; pycparser&comma; markupsafe&comma; isodate&comma; idna&comma; charset_normalizer&comma; certifi&comma; annotated-types&comma; werkzeug&comma; typing-inspection&comma; requests&comma; pydantic-core&comma; cffi&comma; pydantic&comma; cryptography&comma; azure-functions&comma; azure-core&comma; azure-storage-queue&comma; azure-storage-blob&comma; azure-ai-documentintelligence&comma; msal&comma; msal-extensions&comma; azure-identity,,0
	2026-06-14T13:23:53.8693031Z,[13:22:55+0000] ,,0
	2026-06-14T13:23:54.1092843Z,[13:22:55+0000] Successfully installed PyJWT-2.13.0 annotated-types-0.7.0 azure-ai-documentintelligence-1.0.2 azure-core-1.41.0 azure-functions-1.24.0 azure-identity-1.25.3 azure-storage-blob-12.30.0 azure-storage-queue-12.17.0 certifi-2026.5.20 cffi-2.0.0 charset_normalizer-3.4.7 cryptography-49.0.0 idna-3.18 isodate-0.7.2 markupsafe-3.0.3 msal-1.37.0 msal-extensions-1.3.1 pycparser-3.0 pydantic-2.13.4 pydantic-core-2.46.4 pypdf-6.13.2 python-dotenv-1.2.2 requests-2.34.2 typing-extensions-4.15.0 typing-inspection-0.4.2 urllib3-2.7.0 werkzeug-3.1.8,,0
	2026-06-14T13:23:54.5324026Z,,,0
	2026-06-14T13:23:54.8121310Z,[notice] A new release of pip is available: 26.0.1 -> 26.1.2,,0
	2026-06-14T13:23:55.3204186Z,[notice] To update&comma; run: pip install --upgrade pip,,0
	2026-06-14T13:23:55.9805876Z,pip install done in 8 sec(s).,,0
	2026-06-14T13:23:56.5692390Z,Not a vso image&comma; so not writing build commands,,0
	2026-06-14T13:23:57.0190898Z,,,0
	2026-06-14T13:23:57.4929006Z,Copying 'requirements.txt' to destination directory...,,0
	2026-06-14T13:23:58.1582588Z,Done copying requirements.txt to destination directory.,,0
	2026-06-14T13:23:58.6281598Z,Build script snippets done in 8 sec(s).,,0
	2026-06-14T13:23:59.3571833Z,Preparing output...,,0
	2026-06-14T13:23:59.8266915Z,Using standard output preparation...,,0
	2026-06-14T13:24:00.4662247Z,,,0
	2026-06-14T13:24:00.9190034Z,Copying files to destination directory '/tmp/build/expressbuild'...,,0
	2026-06-14T13:24:01.6562573Z,Copying to destination directory done in 1 sec(s).,,0
	2026-06-14T13:24:02.1301349Z,Total time for destination directory preparation done in 1 sec(s).,,0
	2026-06-14T13:24:02.8756047Z,,,0
	2026-06-14T13:24:03.3227473Z,Removing existing manifest file,,0
	2026-06-14T13:24:04.0600485Z,Creating a manifest file...,,0
	2026-06-14T13:24:04.5126348Z,Manifest file created.,,0
	2026-06-14T13:24:05.2320889Z,Copying .ostype to manifest output directory.,,0
	2026-06-14T13:24:05.7076030Z,,,0
	2026-06-14T13:24:06.4675111Z,Total execution done in 13 sec(s).,,0
2026-06-14T13:24:08.5000046Z,Writing the artifacts to a Zip file,72c5bbc1-7b42-43b2-944c-214bcf2d1cbc,0
2026-06-14T13:24:15.6354412Z,sending incremental file list,1613c90d-85ef-453e-a79d-11b34681a504,0
2026-06-14T13:24:18.1798686Z,20260614132407.zip,3fc17263-4244-48ed-9078-93ba7f6d1c1b,0
2026-06-14T13:24:20.7112185Z,,cd057257-e9ea-4701-bb4d-1ad1a1c84a8a,0
2026-06-14T13:24:22.2343147Z,sent 50&comma;198&comma;099 bytes  received 35 bytes  20&comma;079&comma;253.60 bytes/sec,90f52376-0f1e-405f-bd4c-e45fc76fabba,0
2026-06-14T13:24:24.1223066Z,total size is 50&comma;185&comma;699  speedup is 1.00,cd8ecf23-227b-4c5d-8f1e-7f1154710336,0
2026-06-14T13:24:27.0036216Z,Rsync for express build artifact transfer completed successfully,5225c815-e75a-48b4-a35e-6efa276834d7,0
2026-06-14T13:24:31.3954784Z,Running post deployment command(s)...,27c49527-e971-47a0-9ae4-1ec99cd76680,0
2026-06-14T13:24:34.0222001Z,,a7d8950f-c5a4-4e3c-a64b-876ef7e8b448,0
2026-06-14T13:24:35.9835913Z,Generating summary of Oryx build,696e6d6d-ea34-42bd-91b9-c6736b102f34,0
2026-06-14T13:24:37.5630959Z,Deployment Log file does not exist in /tmp/oryx-build.log,ad306430-6dee-409c-9b48-bd412e14d1c5,0
2026-06-14T13:24:40.8595798Z,The logfile at /tmp/oryx-build.log is empty. Unable to fetch the summary of build,e6774d9c-bf1e-4334-95ec-6a775044a49d,0
2026-06-14T13:24:43.4745189Z,Triggering recycle (preview mode disabled).,6e469e27-e874-42dd-8b82-16c73cb538a2,0
2026-06-14T13:24:49.0727747Z,Deployment successful. deployer = Push-Deployer deploymentPath = Functions App ZipDeploy. Extract zip. Remote build.,b6ac115e-fd8b-4f6a-a6d2-47aba8e82094,0
