2026-06-14T16:23:53.7854277Z,Updating submodules.,f2825209-417f-4a41-aa09-f4ea2ee51134,0
2026-06-14T16:23:58.6206319Z,Preparing deployment for commit id '5b6068ad-4'.,06027eb6-fff8-40ad-a175-7655778f8d2c,0
2026-06-14T16:24:06.1062484Z,PreDeployment: context.CleanOutputPath False,852eac65-cafb-4830-9f87-dffcc05e2e13,0
2026-06-14T16:24:08.0759086Z,PreDeployment: context.OutputPath /home/site/wwwroot,240a0042-5833-42f6-8b7b-43f379b52011,0
2026-06-14T16:24:11.6278643Z,Repository path is /tmp/zipdeploy/extracted,f3d9b96e-2467-447a-966b-0c8888d3d483,0
2026-06-14T16:24:14.1436868Z,Running oryx build...,4864a789-305a-420e-9987-2108226a89d2,0
	2026-06-14T16:24:14.7754275Z,Command: oryx build /tmp/zipdeploy/extracted -o /tmp/build/expressbuild --platform python --platform-version 3.12 -i /tmp/8deca31591c83ab -p packagedir=.python_packages/lib/site-packages,,0
	2026-06-14T16:24:17.2817061Z,Operation performed by Microsoft Oryx&comma; https://github.com/Microsoft/Oryx,,0
	2026-06-14T16:24:17.7313166Z,You can report issues at https://github.com/Microsoft/Oryx/issues,,0
	2026-06-14T16:24:18.1006865Z,,,0
	2026-06-14T16:24:18.5862825Z,Oryx Version: 0.2.20260513.1+5c94136d0d5c06204a00d688dc7aea902452e52c&comma; Commit: 5c94136d0d5c06204a00d688dc7aea902452e52c&comma; ReleaseTagName: 20260513.1,,0
	2026-06-14T16:24:19.2947434Z,,,0
	2026-06-14T16:24:19.7827784Z,Build Operation ID: f085336f5d5cdf16,,0
	2026-06-14T16:24:20.3406284Z,Repository Commit : 5b6068ad-48f5-4e6d-bf77-6548bde6b67a,,0
	2026-06-14T16:24:20.8610171Z,OS Type           : bookworm,,0
	2026-06-14T16:24:21.5431000Z,Image Type        : githubactions,,0
	2026-06-14T16:24:22.0922023Z,,,0
	2026-06-14T16:24:22.7553473Z,Primary SDK Storage URL: https://oryx-cdn.microsoft.io,,0
	2026-06-14T16:24:23.2921108Z,Backup SDK Storage URL: ,,0
	2026-06-14T16:24:23.9860136Z,ACR SDK Registry URL: (not set),,0
	2026-06-14T16:24:24.5140424Z,SDK provider status:,,0
	2026-06-14T16:24:25.1228541Z,  External ACR SDK provider: Disabled,,0
	2026-06-14T16:24:25.7707688Z,  External SDK provider: Enabled,,0
	2026-06-14T16:24:26.3303591Z,  Direct ACR SDK provider: Disabled,,0
	2026-06-14T16:24:26.8879240Z,  Blob SDK provider: Enabled,,0
	2026-06-14T16:24:27.5134251Z,Detecting platforms...,,0
	2026-06-14T16:24:28.0496364Z,Requesting metadata for platform python from external SDK provider,,0
	2026-06-14T16:24:28.6689687Z,Requesting metadata for platform python from external SDK provider,,0
	2026-06-14T16:24:29.2718962Z,Version resolved using external SDK provider.,,0
	2026-06-14T16:24:29.9589928Z,Detected following platforms:,,0
	2026-06-14T16:24:30.5288391Z,  python: 3.12.13,,0
	2026-06-14T16:24:31.0132469Z,Requesting metadata for platform python from external SDK provider,,0
	2026-06-14T16:24:31.2668756Z,SDK for 'python' version '3.12.13' fetched via external SDK provider.,,0
	2026-06-14T16:24:31.5809071Z,Version '3.12.13' of platform 'python' is not installed. Generating script to install it...,,0
	2026-06-14T16:24:31.8310580Z,,,0
	2026-06-14T16:24:32.2480874Z,Using intermediate directory '/tmp/8deca31591c83ab'.,,0
	2026-06-14T16:24:32.5897118Z,,,0
	2026-06-14T16:24:33.0593063Z,Copying files to the intermediate directory...,,0
	2026-06-14T16:24:33.7276476Z,Copying files to intermediate directory done in 0 sec(s).,,0
	2026-06-14T16:24:34.2758782Z,,,0
	2026-06-14T16:24:34.8679998Z,Source directory     : /tmp/8deca31591c83ab,,0
	2026-06-14T16:24:35.4222745Z,Destination directory: /tmp/build/expressbuild,,0
	2026-06-14T16:24:35.9935781Z,,,0
	2026-06-14T16:24:36.5529355Z,Installing platform...,,0
	2026-06-14T16:24:37.2256463Z,,,0
	2026-06-14T16:24:37.8488983Z,Downloading and extracting 'python' version '3.12.13' to '/tmp/oryx/platforms/python/3.12.13'...,,0
	2026-06-14T16:24:38.5157870Z,Detected image debian flavor: bookworm.,,0
	2026-06-14T16:24:39.0068872Z,SDK binary download was skipped. Looking for cached tarball...,,0
	2026-06-14T16:24:39.6865657Z,Found tarball at /var/OryxSdks/python/python-bookworm-3.12.13.tar.gz,,0
	2026-06-14T16:24:40.2499368Z,Successfully extracted python version 3.12.13 from cached tarball.,,0
	2026-06-14T16:24:40.9363271Z,,,0
	2026-06-14T16:24:41.4878543Z,Platform installation done in 4 sec(s).,,0
	2026-06-14T16:24:42.0994901Z,Running build script snippets...,,0
	2026-06-14T16:24:42.6469572Z,Python Version: /tmp/oryx/platforms/python/3.12.13/bin/python3.12,,0
	2026-06-14T16:24:43.2670554Z,Creating directory for command manifest file if it does not exist,,0
	2026-06-14T16:24:43.8425932Z,Removing existing manifest file,,0
	2026-06-14T16:24:44.5614700Z,,,0
	2026-06-14T16:24:45.1121069Z,Running pip install...,,0
	2026-06-14T16:24:45.5576557Z,Using preloaded wheels from: /tux-wheels,,0
	2026-06-14T16:24:45.9066058Z,[16:24:26+0000] Looking in links: /tux-wheels,,0
	2026-06-14T16:24:46.1909908Z,[16:24:26+0000] Collecting azure-functions (from -r requirements.txt (line 1)),,0
	2026-06-14T16:24:46.5093143Z,[16:24:26+0000]   Downloading azure_functions-1.24.0-py3-none-any.whl.metadata (7.4 kB),,0
	2026-06-14T16:24:46.8970063Z,[16:24:26+0000] Collecting azure-storage-blob>=12.19.0 (from -r requirements.txt (line 2)),,0
	2026-06-14T16:24:47.3037570Z,[16:24:26+0000]   Downloading azure_storage_blob-12.30.0-py3-none-any.whl.metadata (26 kB),,0
	2026-06-14T16:24:47.8491951Z,[16:24:26+0000] Collecting azure-storage-queue>=12.9.0 (from -r requirements.txt (line 3)),,0
	2026-06-14T16:24:48.5236953Z,[16:24:26+0000]   Downloading azure_storage_queue-12.17.0-py3-none-any.whl.metadata (39 kB),,0
	2026-06-14T16:24:49.0583091Z,[16:24:26+0000] Collecting azure-identity>=1.16.0 (from -r requirements.txt (line 4)),,0
	2026-06-14T16:24:49.7087781Z,[16:24:26+0000]   Downloading azure_identity-1.25.3-py3-none-any.whl.metadata (91 kB),,0
	2026-06-14T16:24:50.2433952Z,[16:24:26+0000] Collecting azure-ai-documentintelligence (from -r requirements.txt (line 5)),,0
	2026-06-14T16:24:50.9203442Z,[16:24:26+0000]   Downloading azure_ai_documentintelligence-1.0.2-py3-none-any.whl.metadata (53 kB),,0
	2026-06-14T16:24:51.5378151Z,[16:24:26+0000] Collecting python-dotenv (from -r requirements.txt (line 6)),,0
	2026-06-14T16:24:52.1806654Z,[16:24:26+0000]   Downloading python_dotenv-1.2.2-py3-none-any.whl.metadata (27 kB),,0
	2026-06-14T16:24:52.6548858Z,[16:24:26+0000] Collecting pydantic (from -r requirements.txt (line 7)),,0
	2026-06-14T16:24:53.2680895Z,[16:24:26+0000]   Downloading pydantic-2.13.4-py3-none-any.whl.metadata (109 kB),,0
	2026-06-14T16:24:53.8865928Z,[16:24:26+0000] Collecting pypdf (from -r requirements.txt (line 8)),,0
	2026-06-14T16:24:54.5074734Z,[16:24:26+0000]   Downloading pypdf-6.13.2-py3-none-any.whl.metadata (7.2 kB),,0
	2026-06-14T16:24:55.1284752Z,[16:24:26+0000] Collecting werkzeug~=3.1.3 (from azure-functions->-r requirements.txt (line 1)),,0
	2026-06-14T16:24:55.7538035Z,[16:24:26+0000]   Downloading werkzeug-3.1.8-py3-none-any.whl.metadata (4.0 kB),,0
	2026-06-14T16:24:56.3626632Z,[16:24:27+0000] Collecting markupsafe>=2.1.1 (from werkzeug~=3.1.3->azure-functions->-r requirements.txt (line 1)),,0
	2026-06-14T16:24:56.9735002Z,[16:24:27+0000]   Downloading markupsafe-3.0.3-cp312-cp312-manylinux2014_x86_64.manylinux_2_17_x86_64.manylinux_2_28_x86_64.whl.metadata (2.7 kB),,0
	2026-06-14T16:24:57.6062884Z,[16:24:27+0000] Collecting azure-core>=1.37.0 (from azure-storage-blob>=12.19.0->-r requirements.txt (line 2)),,0
	2026-06-14T16:24:58.1790687Z,[16:24:27+0000]   Downloading azure_core-1.41.0-py3-none-any.whl.metadata (49 kB),,0
	2026-06-14T16:24:58.8069906Z,[16:24:27+0000] Collecting cryptography>=2.1.4 (from azure-storage-blob>=12.19.0->-r requirements.txt (line 2)),,0
	2026-06-14T16:24:59.4826694Z,[16:24:27+0000]   Downloading cryptography-49.0.0-cp311-abi3-manylinux_2_34_x86_64.whl.metadata (4.3 kB),,0
	2026-06-14T16:24:59.9096535Z,[16:24:27+0000] Collecting typing-extensions>=4.6.0 (from azure-storage-blob>=12.19.0->-r requirements.txt (line 2)),,0
	2026-06-14T16:25:00.2592623Z,[16:24:27+0000]   Downloading typing_extensions-4.15.0-py3-none-any.whl.metadata (3.3 kB),,0
	2026-06-14T16:25:00.6388037Z,[16:24:27+0000] Collecting isodate>=0.6.1 (from azure-storage-blob>=12.19.0->-r requirements.txt (line 2)),,0
	2026-06-14T16:25:01.0532274Z,[16:24:27+0000]   Downloading isodate-0.7.2-py3-none-any.whl.metadata (11 kB),,0
	2026-06-14T16:25:01.4086539Z,[16:24:27+0000] Collecting msal>=1.35.1 (from azure-identity>=1.16.0->-r requirements.txt (line 4)),,0
	2026-06-14T16:25:01.9790701Z,[16:24:27+0000]   Downloading msal-1.37.0-py3-none-any.whl.metadata (11 kB),,0
	2026-06-14T16:25:02.6548994Z,[16:24:27+0000] Collecting msal-extensions>=1.2.0 (from azure-identity>=1.16.0->-r requirements.txt (line 4)),,0
	2026-06-14T16:25:03.2070424Z,[16:24:27+0000]   Downloading msal_extensions-1.3.1-py3-none-any.whl.metadata (7.8 kB),,0
	2026-06-14T16:25:03.7935906Z,[16:24:27+0000] Collecting annotated-types>=0.6.0 (from pydantic->-r requirements.txt (line 7)),,0
	2026-06-14T16:25:04.3505669Z,[16:24:27+0000]   Downloading annotated_types-0.7.0-py3-none-any.whl.metadata (15 kB),,0
	2026-06-14T16:25:04.9836428Z,[16:24:28+0000] Collecting pydantic-core==2.46.4 (from pydantic->-r requirements.txt (line 7)),,0
	2026-06-14T16:25:05.5397460Z,[16:24:28+0000]   Downloading pydantic_core-2.46.4-cp312-cp312-manylinux_2_17_x86_64.manylinux2014_x86_64.whl.metadata (6.6 kB),,0
	2026-06-14T16:25:06.2156468Z,[16:24:28+0000] Collecting typing-inspection>=0.4.2 (from pydantic->-r requirements.txt (line 7)),,0
	2026-06-14T16:25:06.8037727Z,[16:24:28+0000]   Downloading typing_inspection-0.4.2-py3-none-any.whl.metadata (2.6 kB),,0
	2026-06-14T16:25:07.4931720Z,[16:24:28+0000] Collecting requests>=2.21.0 (from azure-core>=1.37.0->azure-storage-blob>=12.19.0->-r requirements.txt (line 2)),,0
	2026-06-14T16:25:08.0414712Z,[16:24:28+0000]   Downloading requests-2.34.2-py3-none-any.whl.metadata (4.8 kB),,0
	2026-06-14T16:25:08.7200209Z,[16:24:28+0000] Collecting cffi>=2.0.0 (from cryptography>=2.1.4->azure-storage-blob>=12.19.0->-r requirements.txt (line 2)),,0
	2026-06-14T16:25:09.2855769Z,[16:24:28+0000]   Downloading cffi-2.0.0-cp312-cp312-manylinux2014_x86_64.manylinux_2_17_x86_64.whl.metadata (2.6 kB),,0
	2026-06-14T16:25:09.9699005Z,[16:24:28+0000] Collecting pycparser (from cffi>=2.0.0->cryptography>=2.1.4->azure-storage-blob>=12.19.0->-r requirements.txt (line 2)),,0
	2026-06-14T16:25:10.5209192Z,[16:24:28+0000]   Downloading pycparser-3.0-py3-none-any.whl.metadata (8.2 kB),,0
	2026-06-14T16:25:11.0592595Z,[16:24:28+0000] Collecting PyJWT<3&comma;>=1.0.0 (from PyJWT[crypto]<3&comma;>=1.0.0->msal>=1.35.1->azure-identity>=1.16.0->-r requirements.txt (line 4)),,0
	2026-06-14T16:25:11.6047012Z,[16:24:29+0000]   Downloading pyjwt-2.13.0-py3-none-any.whl.metadata (3.4 kB),,0
	2026-06-14T16:25:12.2850751Z,[16:24:29+0000] Collecting charset_normalizer<4&comma;>=2 (from requests>=2.21.0->azure-core>=1.37.0->azure-storage-blob>=12.19.0->-r requirements.txt (line 2)),,0
	2026-06-14T16:25:12.8523609Z,[16:24:29+0000]   Downloading charset_normalizer-3.4.7-cp312-cp312-manylinux2014_x86_64.manylinux_2_17_x86_64.manylinux_2_28_x86_64.whl.metadata (40 kB),,0
	2026-06-14T16:25:13.5461598Z,[16:24:29+0000] Collecting idna<4&comma;>=2.5 (from requests>=2.21.0->azure-core>=1.37.0->azure-storage-blob>=12.19.0->-r requirements.txt (line 2)),,0
	2026-06-14T16:25:14.0822864Z,[16:24:29+0000]   Downloading idna-3.18-py3-none-any.whl.metadata (6.1 kB),,0
	2026-06-14T16:25:14.5450709Z,[16:24:29+0000] Collecting urllib3<3&comma;>=1.26 (from requests>=2.21.0->azure-core>=1.37.0->azure-storage-blob>=12.19.0->-r requirements.txt (line 2)),,0
	2026-06-14T16:25:14.7955432Z,[16:24:29+0000]   Downloading urllib3-2.7.0-py3-none-any.whl.metadata (6.9 kB),,0
	2026-06-14T16:25:15.1263229Z,[16:24:29+0000] Collecting certifi>=2023.5.7 (from requests>=2.21.0->azure-core>=1.37.0->azure-storage-blob>=12.19.0->-r requirements.txt (line 2)),,0
	2026-06-14T16:25:15.3807609Z,[16:24:29+0000]   Downloading certifi-2026.5.20-py3-none-any.whl.metadata (2.5 kB),,0
	2026-06-14T16:25:15.8074668Z,[16:24:29+0000] Downloading azure_functions-1.24.0-py3-none-any.whl (108 kB),,0
	2026-06-14T16:25:16.3142663Z,[16:24:29+0000] Downloading werkzeug-3.1.8-py3-none-any.whl (226 kB),,0
	2026-06-14T16:25:16.8659307Z,[16:24:29+0000] Downloading azure_storage_blob-12.30.0-py3-none-any.whl (435 kB),,0
	2026-06-14T16:25:17.4814755Z,[16:24:29+0000] Downloading azure_storage_queue-12.17.0-py3-none-any.whl (189 kB),,0
	2026-06-14T16:25:17.9627953Z,[16:24:29+0000] Downloading azure_identity-1.25.3-py3-none-any.whl (192 kB),,0
	2026-06-14T16:25:18.5994712Z,[16:24:29+0000] Downloading azure_ai_documentintelligence-1.0.2-py3-none-any.whl (106 kB),,0
	2026-06-14T16:25:19.0837210Z,[16:24:29+0000] Downloading python_dotenv-1.2.2-py3-none-any.whl (22 kB),,0
	2026-06-14T16:25:19.6917774Z,[16:24:29+0000] Downloading pydantic-2.13.4-py3-none-any.whl (472 kB),,0
	2026-06-14T16:25:20.2143595Z,[16:24:29+0000] Downloading pydantic_core-2.46.4-cp312-cp312-manylinux_2_17_x86_64.manylinux2014_x86_64.whl (2.1 MB),,0
	2026-06-14T16:25:20.9537261Z,[16:24:29+0000]    ━━━━━━━━━━━━━━━━━━━━━━━━━━━━━━━━━━━━━━━━ 2.1/2.1 MB 19.3 MB/s  0:00:00,,0
	2026-06-14T16:25:21.4259356Z,[16:24:29+0000] Downloading pypdf-6.13.2-py3-none-any.whl (346 kB),,0
	2026-06-14T16:25:22.1827300Z,[16:24:29+0000] Downloading annotated_types-0.7.0-py3-none-any.whl (13 kB),,0
	2026-06-14T16:25:22.6726210Z,[16:24:29+0000] Downloading azure_core-1.41.0-py3-none-any.whl (220 kB),,0
	2026-06-14T16:25:23.2958583Z,[16:24:29+0000] Downloading cryptography-49.0.0-cp311-abi3-manylinux_2_34_x86_64.whl (4.7 MB),,0
	2026-06-14T16:25:23.7899514Z,[16:24:30+0000]    ━━━━━━━━━━━━━━━━━━━━━━━━━━━━━━━━━━━━━━━━ 4.7/4.7 MB 35.3 MB/s  0:00:00,,0
	2026-06-14T16:25:24.5677643Z,[16:24:30+0000] Downloading cffi-2.0.0-cp312-cp312-manylinux2014_x86_64.manylinux_2_17_x86_64.whl (219 kB),,0
	2026-06-14T16:25:25.0517438Z,[16:24:30+0000] Downloading isodate-0.7.2-py3-none-any.whl (22 kB),,0
	2026-06-14T16:25:25.7503784Z,[16:24:30+0000] Downloading markupsafe-3.0.3-cp312-cp312-manylinux2014_x86_64.manylinux_2_17_x86_64.manylinux_2_28_x86_64.whl (22 kB),,0
	2026-06-14T16:25:26.2470866Z,[16:24:30+0000] Downloading msal-1.37.0-py3-none-any.whl (123 kB),,0
	2026-06-14T16:25:26.9308828Z,[16:24:30+0000] Downloading pyjwt-2.13.0-py3-none-any.whl (31 kB),,0
	2026-06-14T16:25:27.4053561Z,[16:24:30+0000] Downloading requests-2.34.2-py3-none-any.whl (73 kB),,0
	2026-06-14T16:25:28.1626624Z,[16:24:30+0000] Downloading charset_normalizer-3.4.7-cp312-cp312-manylinux2014_x86_64.manylinux_2_17_x86_64.manylinux_2_28_x86_64.whl (216 kB),,0
	2026-06-14T16:25:28.6658209Z,[16:24:30+0000] Downloading idna-3.18-py3-none-any.whl (65 kB),,0
	2026-06-14T16:25:29.3139515Z,[16:24:30+0000] Downloading urllib3-2.7.0-py3-none-any.whl (131 kB),,0
	2026-06-14T16:25:29.5958236Z,[16:24:30+0000] Downloading certifi-2026.5.20-py3-none-any.whl (134 kB),,0
	2026-06-14T16:25:29.8752349Z,[16:24:30+0000] Downloading msal_extensions-1.3.1-py3-none-any.whl (20 kB),,0
	2026-06-14T16:25:30.2570311Z,[16:24:30+0000] Downloading typing_extensions-4.15.0-py3-none-any.whl (44 kB),,0
	2026-06-14T16:25:30.6359830Z,[16:24:30+0000] Downloading typing_inspection-0.4.2-py3-none-any.whl (14 kB),,0
	2026-06-14T16:25:31.1392486Z,[16:24:30+0000] Downloading pycparser-3.0-py3-none-any.whl (48 kB),,0
	2026-06-14T16:25:31.8694180Z,[16:24:30+0000] Installing collected packages: urllib3&comma; typing-extensions&comma; python-dotenv&comma; pypdf&comma; PyJWT&comma; pycparser&comma; markupsafe&comma; isodate&comma; idna&comma; charset_normalizer&comma; certifi&comma; annotated-types&comma; werkzeug&comma; typing-inspection&comma; requests&comma; pydantic-core&comma; cffi&comma; pydantic&comma; cryptography&comma; azure-functions&comma; azure-core&comma; azure-storage-queue&comma; azure-storage-blob&comma; azure-ai-documentintelligence&comma; msal&comma; msal-extensions&comma; azure-identity,,0
	2026-06-14T16:25:32.3906598Z,[16:24:32+0000] ,,0
	2026-06-14T16:25:33.1289567Z,[16:24:32+0000] Successfully installed PyJWT-2.13.0 annotated-types-0.7.0 azure-ai-documentintelligence-1.0.2 azure-core-1.41.0 azure-functions-1.24.0 azure-identity-1.25.3 azure-storage-blob-12.30.0 azure-storage-queue-12.17.0 certifi-2026.5.20 cffi-2.0.0 charset_normalizer-3.4.7 cryptography-49.0.0 idna-3.18 isodate-0.7.2 markupsafe-3.0.3 msal-1.37.0 msal-extensions-1.3.1 pycparser-3.0 pydantic-2.13.4 pydantic-core-2.46.4 pypdf-6.13.2 python-dotenv-1.2.2 requests-2.34.2 typing-extensions-4.15.0 typing-inspection-0.4.2 urllib3-2.7.0 werkzeug-3.1.8,,0
	2026-06-14T16:25:33.6211550Z,,,0
	2026-06-14T16:25:34.3507738Z,[notice] A new release of pip is available: 26.0.1 -> 26.1.2,,0
	2026-06-14T16:25:34.8469312Z,[notice] To update&comma; run: pip install --upgrade pip,,0
	2026-06-14T16:25:35.6785386Z,pip install done in 9 sec(s).,,0
	2026-06-14T16:25:36.1705564Z,Not a vso image&comma; so not writing build commands,,0
	2026-06-14T16:25:36.7917098Z,,,0
	2026-06-14T16:25:37.2615175Z,Copying 'requirements.txt' to destination directory...,,0
	2026-06-14T16:25:37.8826602Z,Done copying requirements.txt to destination directory.,,0
	2026-06-14T16:25:38.3616326Z,Build script snippets done in 9 sec(s).,,0
	2026-06-14T16:25:39.1209499Z,Preparing output...,,0
	2026-06-14T16:25:39.6048237Z,Using standard output preparation...,,0
	2026-06-14T16:25:40.3533067Z,,,0
	2026-06-14T16:25:40.8129284Z,Copying files to destination directory '/tmp/build/expressbuild'...,,0
	2026-06-14T16:25:41.5016587Z,Copying to destination directory done in 1 sec(s).,,0
	2026-06-14T16:25:41.9821832Z,Total time for destination directory preparation done in 1 sec(s).,,0
	2026-06-14T16:25:42.7509388Z,,,0
	2026-06-14T16:25:43.2436130Z,Removing existing manifest file,,0
	2026-06-14T16:25:43.8147441Z,Creating a manifest file...,,0
	2026-06-14T16:25:44.1922764Z,Manifest file created.,,0
	2026-06-14T16:25:44.4433769Z,Copying .ostype to manifest output directory.,,0
	2026-06-14T16:25:44.8235569Z,,,0
	2026-06-14T16:25:45.1760274Z,Total execution done in 14 sec(s).,,0
2026-06-14T16:25:49.5565759Z,Writing the artifacts to a Zip file,d90d3fe0-1b2d-47b1-9d35-2d3d0e746e35,0
2026-06-14T16:25:56.8950954Z,sending incremental file list,909f3714-fa99-4017-8a35-45cd7f0a562a,0
2026-06-14T16:25:58.6044845Z,20260614162546.zip,25f74441-889d-4edb-a95c-3ea7220c80c2,0
2026-06-14T16:26:00.3395509Z,,165bfb65-9f92-4055-99d0-bf0034b2132d,0
2026-06-14T16:26:03.5996902Z,sent 50&comma;234&comma;881 bytes  received 35 bytes  33&comma;489&comma;944.00 bytes/sec,2d3a7569-ae76-4c3d-9d89-79bab77b8b29,0
2026-06-14T16:26:06.0997435Z,total size is 50&comma;222&comma;473  speedup is 1.00,08b54ba3-9681-4dc2-8f14-3b045aa6b085,0
2026-06-14T16:26:08.8711783Z,Rsync for express build artifact transfer completed successfully,82946e49-0ca7-4626-990e-ce157479fcbf,0
2026-06-14T16:26:12.8747290Z,Running post deployment command(s)...,1aa31b5b-4db7-48e6-9f0e-612082d4de47,0
2026-06-14T16:26:14.7498158Z,,24077081-7c6c-4841-a47c-bfaaa041d71a,0
2026-06-14T16:26:16.7543205Z,Generating summary of Oryx build,878150c7-2df8-4291-905c-b52770f29723,0
2026-06-14T16:26:18.9745195Z,Deployment Log file does not exist in /tmp/oryx-build.log,42b5f802-7194-41f2-b934-4ead264a6672,0
2026-06-14T16:26:21.4695591Z,The logfile at /tmp/oryx-build.log is empty. Unable to fetch the summary of build,ae3f9efe-7c8a-43c0-9e78-76e54adef94a,0
2026-06-14T16:26:24.1000616Z,Triggering recycle (preview mode disabled).,72905a88-0081-46f8-94a2-604813e638f6,0
2026-06-14T16:26:28.3659585Z,Deployment successful. deployer = Push-Deployer deploymentPath = Functions App ZipDeploy. Extract zip. Remote build.,19a7218a-eecd-4210-a4d9-349f7c457f79,0
