2026-06-14T13:01:43.6172913Z,Updating submodules.,326de7b5-d1c9-4d64-8909-0127f2aca65b,0
2026-06-14T13:01:46.9069680Z,Preparing deployment for commit id '3c65103c-9'.,cb14864f-e3b7-4f07-808e-9157daa15e83,0
2026-06-14T13:01:54.2111174Z,PreDeployment: context.CleanOutputPath False,09e80fee-864e-44e7-b9b2-02c4870b9766,0
2026-06-14T13:01:57.9190454Z,PreDeployment: context.OutputPath /home/site/wwwroot,504a2845-d359-4cb7-a6d8-66a71f106a0f,0
2026-06-14T13:02:00.6885941Z,Repository path is /tmp/zipdeploy/extracted,73018d02-f514-4dca-93de-e37f637af57c,0
2026-06-14T13:02:02.7683978Z,Running oryx build...,26da5ae3-e5fe-4c61-b8b6-d1db1e2cc32b,0
	2026-06-14T13:02:03.3018553Z,Command: oryx build /tmp/zipdeploy/extracted -o /tmp/build/expressbuild --platform python --platform-version 3.12 -i /tmp/8deca1519d57469 -p packagedir=.python_packages/lib/site-packages,,0
	2026-06-14T13:02:06.6870956Z,Operation performed by Microsoft Oryx&comma; https://github.com/Microsoft/Oryx,,0
	2026-06-14T13:02:07.2582179Z,You can report issues at https://github.com/Microsoft/Oryx/issues,,0
	2026-06-14T13:02:07.7962726Z,,,0
	2026-06-14T13:02:08.5161696Z,Oryx Version: 0.2.20260513.1+5c94136d0d5c06204a00d688dc7aea902452e52c&comma; Commit: 5c94136d0d5c06204a00d688dc7aea902452e52c&comma; ReleaseTagName: 20260513.1,,0
	2026-06-14T13:02:09.0851381Z,,,0
	2026-06-14T13:02:09.6960880Z,Build Operation ID: dda7567b6d9f46c9,,0
	2026-06-14T13:02:10.2041578Z,Repository Commit : 3c65103c-9638-4065-88b5-8bd4b54a46d0,,0
	2026-06-14T13:02:10.9045978Z,OS Type           : bookworm,,0
	2026-06-14T13:02:11.5089363Z,Image Type        : githubactions,,0
	2026-06-14T13:02:12.2294848Z,,,0
	2026-06-14T13:02:12.7900998Z,Primary SDK Storage URL: https://oryx-cdn.microsoft.io,,0
	2026-06-14T13:02:13.3261664Z,Backup SDK Storage URL: ,,0
	2026-06-14T13:02:13.6522495Z,ACR SDK Registry URL: (not set),,0
	2026-06-14T13:02:13.9938416Z,SDK provider status:,,0
	2026-06-14T13:02:14.4007784Z,  External ACR SDK provider: Disabled,,0
	2026-06-14T13:02:14.9434638Z,  External SDK provider: Enabled,,0
	2026-06-14T13:02:15.4337422Z,  Direct ACR SDK provider: Disabled,,0
	2026-06-14T13:02:16.2245509Z,  Blob SDK provider: Enabled,,0
	2026-06-14T13:02:16.7695743Z,Detecting platforms...,,0
	2026-06-14T13:02:17.3905125Z,Requesting metadata for platform python from external SDK provider,,0
	2026-06-14T13:02:17.9241452Z,Requesting metadata for platform python from external SDK provider,,0
	2026-06-14T13:02:18.6148803Z,Successfully requested blob for platform python&comma; blobName defaultVersion.bookworm.txt&comma; available at /var/OryxSdks/python/defaultVersion.bookworm.txt,,0
	2026-06-14T13:02:19.3138389Z,Version resolved using external SDK provider.,,0
	2026-06-14T13:02:19.9345278Z,Detected following platforms:,,0
	2026-06-14T13:02:20.4140422Z,  python: 3.12.13,,0
	2026-06-14T13:02:21.0368407Z,Requesting metadata for platform python from external SDK provider,,0
	2026-06-14T13:02:21.7291426Z,Successfully requested blob for platform python&comma; blobName python-bookworm-3.12.13.tar.gz&comma; available at /var/OryxSdks/python/python-bookworm-3.12.13.tar.gz,,0
	2026-06-14T13:02:22.3491174Z,SDK for 'python' version '3.12.13' fetched via external SDK provider.,,0
	2026-06-14T13:02:22.9145023Z,Version '3.12.13' of platform 'python' is not installed. Generating script to install it...,,0
	2026-06-14T13:02:23.6306782Z,,,0
	2026-06-14T13:02:24.2195157Z,Using intermediate directory '/tmp/8deca1519d57469'.,,0
	2026-06-14T13:02:24.9607735Z,,,0
	2026-06-14T13:02:25.5720242Z,Copying files to the intermediate directory...,,0
	2026-06-14T13:02:26.2889976Z,Copying files to intermediate directory done in 1 sec(s).,,0
	2026-06-14T13:02:26.8488708Z,,,0
	2026-06-14T13:02:27.4101592Z,Source directory     : /tmp/8deca1519d57469,,0
	2026-06-14T13:02:27.9092262Z,Destination directory: /tmp/build/expressbuild,,0
	2026-06-14T13:02:28.2330356Z,,,0
	2026-06-14T13:02:28.7299649Z,Installing platform...,,0
	2026-06-14T13:02:29.1744046Z,,,0
	2026-06-14T13:02:29.6273589Z,Downloading and extracting 'python' version '3.12.13' to '/tmp/oryx/platforms/python/3.12.13'...,,0
	2026-06-14T13:02:30.2552200Z,Detected image debian flavor: bookworm.,,0
	2026-06-14T13:02:30.7902958Z,SDK binary download was skipped. Looking for cached tarball...,,0
	2026-06-14T13:02:31.4423303Z,Found tarball at /var/OryxSdks/python/python-bookworm-3.12.13.tar.gz,,0
	2026-06-14T13:02:31.8928300Z,Successfully extracted python version 3.12.13 from cached tarball.,,0
	2026-06-14T13:02:32.5234869Z,,,0
	2026-06-14T13:02:33.1082589Z,Platform installation done in 3 sec(s).,,0
	2026-06-14T13:02:33.8064561Z,Running build script snippets...,,0
	2026-06-14T13:02:34.2977476Z,Python Version: /tmp/oryx/platforms/python/3.12.13/bin/python3.12,,0
	2026-06-14T13:02:34.9206851Z,Creating directory for command manifest file if it does not exist,,0
	2026-06-14T13:02:35.5198727Z,Removing existing manifest file,,0
	2026-06-14T13:02:36.2550612Z,,,0
	2026-06-14T13:02:36.8244004Z,Running pip install...,,0
	2026-06-14T13:02:37.5350909Z,Using preloaded wheels from: /tux-wheels,,0
	2026-06-14T13:02:38.0601803Z,[13:02:22+0000] Looking in links: /tux-wheels,,0
	2026-06-14T13:02:38.7569127Z,[13:02:22+0000] Collecting azure-functions (from -r requirements.txt (line 1)),,0
	2026-06-14T13:02:39.3277213Z,[13:02:22+0000]   Downloading azure_functions-1.24.0-py3-none-any.whl.metadata (7.4 kB),,0
	2026-06-14T13:02:39.8978844Z,[13:02:22+0000] Collecting azure-storage-blob>=12.19.0 (from -r requirements.txt (line 2)),,0
	2026-06-14T13:02:40.6367087Z,[13:02:22+0000]   Downloading azure_storage_blob-12.30.0-py3-none-any.whl.metadata (26 kB),,0
	2026-06-14T13:02:41.3023880Z,[13:02:22+0000] Collecting azure-storage-queue>=12.9.0 (from -r requirements.txt (line 3)),,0
	2026-06-14T13:02:41.6787762Z,[13:02:22+0000]   Downloading azure_storage_queue-12.17.0-py3-none-any.whl.metadata (39 kB),,0
	2026-06-14T13:02:41.9651162Z,[13:02:22+0000] Collecting azure-identity>=1.16.0 (from -r requirements.txt (line 4)),,0
	2026-06-14T13:02:42.3170578Z,[13:02:22+0000]   Downloading azure_identity-1.25.3-py3-none-any.whl.metadata (91 kB),,0
	2026-06-14T13:02:42.6019181Z,[13:02:22+0000] Collecting azure-ai-documentintelligence (from -r requirements.txt (line 5)),,0
	2026-06-14T13:02:42.9545285Z,[13:02:22+0000]   Downloading azure_ai_documentintelligence-1.0.2-py3-none-any.whl.metadata (53 kB),,0
	2026-06-14T13:02:43.2977661Z,[13:02:22+0000] Collecting python-dotenv (from -r requirements.txt (line 6)),,0
	2026-06-14T13:02:43.9003928Z,[13:02:22+0000]   Downloading python_dotenv-1.2.2-py3-none-any.whl.metadata (27 kB),,0
	2026-06-14T13:02:44.3853041Z,[13:02:22+0000] Collecting pydantic (from -r requirements.txt (line 7)),,0
	2026-06-14T13:02:45.0039816Z,[13:02:22+0000]   Downloading pydantic-2.13.4-py3-none-any.whl.metadata (109 kB),,0
	2026-06-14T13:02:45.4835201Z,[13:02:22+0000] Collecting pypdf (from -r requirements.txt (line 8)),,0
	2026-06-14T13:02:46.1120827Z,[13:02:22+0000]   Downloading pypdf-6.13.2-py3-none-any.whl.metadata (7.2 kB),,0
	2026-06-14T13:02:46.6574761Z,[13:02:22+0000] Collecting werkzeug~=3.1.3 (from azure-functions->-r requirements.txt (line 1)),,0
	2026-06-14T13:02:47.3525203Z,[13:02:23+0000]   Downloading werkzeug-3.1.8-py3-none-any.whl.metadata (4.0 kB),,0
	2026-06-14T13:02:47.9017582Z,[13:02:23+0000] Collecting markupsafe>=2.1.1 (from werkzeug~=3.1.3->azure-functions->-r requirements.txt (line 1)),,0
	2026-06-14T13:02:48.6599417Z,[13:02:23+0000]   Downloading markupsafe-3.0.3-cp312-cp312-manylinux2014_x86_64.manylinux_2_17_x86_64.manylinux_2_28_x86_64.whl.metadata (2.7 kB),,0
	2026-06-14T13:02:49.2734499Z,[13:02:23+0000] Collecting azure-core>=1.37.0 (from azure-storage-blob>=12.19.0->-r requirements.txt (line 2)),,0
	2026-06-14T13:02:49.8984882Z,[13:02:23+0000]   Downloading azure_core-1.41.0-py3-none-any.whl.metadata (49 kB),,0
	2026-06-14T13:02:50.5704745Z,[13:02:23+0000] Collecting cryptography>=2.1.4 (from azure-storage-blob>=12.19.0->-r requirements.txt (line 2)),,0
	2026-06-14T13:02:51.2710247Z,[13:02:23+0000]   Downloading cryptography-49.0.0-cp311-abi3-manylinux_2_34_x86_64.whl.metadata (4.3 kB),,0
	2026-06-14T13:02:51.8216216Z,[13:02:23+0000] Collecting typing-extensions>=4.6.0 (from azure-storage-blob>=12.19.0->-r requirements.txt (line 2)),,0
	2026-06-14T13:02:52.5171800Z,[13:02:23+0000]   Downloading typing_extensions-4.15.0-py3-none-any.whl.metadata (3.3 kB),,0
	2026-06-14T13:02:53.0606266Z,[13:02:23+0000] Collecting isodate>=0.6.1 (from azure-storage-blob>=12.19.0->-r requirements.txt (line 2)),,0
	2026-06-14T13:02:53.8211830Z,[13:02:23+0000]   Downloading isodate-0.7.2-py3-none-any.whl.metadata (11 kB),,0
	2026-06-14T13:02:54.3514893Z,[13:02:23+0000] Collecting msal>=1.35.1 (from azure-identity>=1.16.0->-r requirements.txt (line 4)),,0
	2026-06-14T13:02:55.0580306Z,[13:02:23+0000]   Downloading msal-1.37.0-py3-none-any.whl.metadata (11 kB),,0
	2026-06-14T13:02:55.6907939Z,[13:02:23+0000] Collecting msal-extensions>=1.2.0 (from azure-identity>=1.16.0->-r requirements.txt (line 4)),,0
	2026-06-14T13:02:56.3229229Z,[13:02:23+0000]   Downloading msal_extensions-1.3.1-py3-none-any.whl.metadata (7.8 kB),,0
	2026-06-14T13:02:56.6444376Z,[13:02:23+0000] Collecting annotated-types>=0.6.0 (from pydantic->-r requirements.txt (line 7)),,0
	2026-06-14T13:02:56.8998884Z,[13:02:23+0000]   Downloading annotated_types-0.7.0-py3-none-any.whl.metadata (15 kB),,0
	2026-06-14T13:02:57.3242802Z,[13:02:24+0000] Collecting pydantic-core==2.46.4 (from pydantic->-r requirements.txt (line 7)),,0
	2026-06-14T13:02:57.6186041Z,[13:02:24+0000]   Downloading pydantic_core-2.46.4-cp312-cp312-manylinux_2_17_x86_64.manylinux2014_x86_64.whl.metadata (6.6 kB),,0
	2026-06-14T13:02:58.1383464Z,[13:02:24+0000] Collecting typing-inspection>=0.4.2 (from pydantic->-r requirements.txt (line 7)),,0
	2026-06-14T13:02:58.8879403Z,[13:02:24+0000]   Downloading typing_inspection-0.4.2-py3-none-any.whl.metadata (2.6 kB),,0
	2026-06-14T13:02:59.3997575Z,[13:02:24+0000] Collecting requests>=2.21.0 (from azure-core>=1.37.0->azure-storage-blob>=12.19.0->-r requirements.txt (line 2)),,0
	2026-06-14T13:03:00.0140669Z,[13:02:24+0000]   Downloading requests-2.34.2-py3-none-any.whl.metadata (4.8 kB),,0
	2026-06-14T13:03:00.5349450Z,[13:02:24+0000] Collecting cffi>=2.0.0 (from cryptography>=2.1.4->azure-storage-blob>=12.19.0->-r requirements.txt (line 2)),,0
	2026-06-14T13:03:01.1677768Z,[13:02:24+0000]   Downloading cffi-2.0.0-cp312-cp312-manylinux2014_x86_64.manylinux_2_17_x86_64.whl.metadata (2.6 kB),,0
	2026-06-14T13:03:01.7187109Z,[13:02:24+0000] Collecting pycparser (from cffi>=2.0.0->cryptography>=2.1.4->azure-storage-blob>=12.19.0->-r requirements.txt (line 2)),,0
	2026-06-14T13:03:02.4061989Z,[13:02:24+0000]   Downloading pycparser-3.0-py3-none-any.whl.metadata (8.2 kB),,0
	2026-06-14T13:03:02.8911569Z,[13:02:24+0000] Collecting PyJWT<3&comma;>=1.0.0 (from PyJWT[crypto]<3&comma;>=1.0.0->msal>=1.35.1->azure-identity>=1.16.0->-r requirements.txt (line 4)),,0
	2026-06-14T13:03:03.5669585Z,[13:02:24+0000]   Downloading pyjwt-2.13.0-py3-none-any.whl.metadata (3.4 kB),,0
	2026-06-14T13:03:04.0701821Z,[13:02:25+0000] Collecting charset_normalizer<4&comma;>=2 (from requests>=2.21.0->azure-core>=1.37.0->azure-storage-blob>=12.19.0->-r requirements.txt (line 2)),,0
	2026-06-14T13:03:04.8173880Z,[13:02:25+0000]   Downloading charset_normalizer-3.4.7-cp312-cp312-manylinux2014_x86_64.manylinux_2_17_x86_64.manylinux_2_28_x86_64.whl.metadata (40 kB),,0
	2026-06-14T13:03:05.3811747Z,[13:02:25+0000] Collecting idna<4&comma;>=2.5 (from requests>=2.21.0->azure-core>=1.37.0->azure-storage-blob>=12.19.0->-r requirements.txt (line 2)),,0
	2026-06-14T13:03:06.0815310Z,[13:02:25+0000]   Downloading idna-3.18-py3-none-any.whl.metadata (6.1 kB),,0
	2026-06-14T13:03:06.6442933Z,[13:02:25+0000] Collecting urllib3<3&comma;>=1.26 (from requests>=2.21.0->azure-core>=1.37.0->azure-storage-blob>=12.19.0->-r requirements.txt (line 2)),,0
	2026-06-14T13:03:07.2544948Z,[13:02:25+0000]   Downloading urllib3-2.7.0-py3-none-any.whl.metadata (6.9 kB),,0
	2026-06-14T13:03:07.7457443Z,[13:02:25+0000] Collecting certifi>=2023.5.7 (from requests>=2.21.0->azure-core>=1.37.0->azure-storage-blob>=12.19.0->-r requirements.txt (line 2)),,0
	2026-06-14T13:03:08.4998354Z,[13:02:25+0000]   Downloading certifi-2026.5.20-py3-none-any.whl.metadata (2.5 kB),,0
	2026-06-14T13:03:09.0717614Z,[13:02:25+0000] Downloading azure_functions-1.24.0-py3-none-any.whl (108 kB),,0
	2026-06-14T13:03:09.7848260Z,[13:02:25+0000] Downloading werkzeug-3.1.8-py3-none-any.whl (226 kB),,0
	2026-06-14T13:03:10.4305287Z,[13:02:25+0000] Downloading azure_storage_blob-12.30.0-py3-none-any.whl (435 kB),,0
	2026-06-14T13:03:10.8396473Z,[13:02:25+0000] Downloading azure_storage_queue-12.17.0-py3-none-any.whl (189 kB),,0
	2026-06-14T13:03:11.0968763Z,[13:02:25+0000] Downloading azure_identity-1.25.3-py3-none-any.whl (192 kB),,0
	2026-06-14T13:03:11.4167376Z,[13:02:25+0000] Downloading azure_ai_documentintelligence-1.0.2-py3-none-any.whl (106 kB),,0
	2026-06-14T13:03:11.6688752Z,[13:02:25+0000] Downloading python_dotenv-1.2.2-py3-none-any.whl (22 kB),,0
	2026-06-14T13:03:12.2133193Z,[13:02:25+0000] Downloading pydantic-2.13.4-py3-none-any.whl (472 kB),,0
	2026-06-14T13:03:12.7689027Z,[13:02:25+0000] Downloading pydantic_core-2.46.4-cp312-cp312-manylinux_2_17_x86_64.manylinux2014_x86_64.whl (2.1 MB),,0
	2026-06-14T13:03:13.4625997Z,[13:02:25+0000]    ━━━━━━━━━━━━━━━━━━━━━━━━━━━━━━━━━━━━━━━━ 2.1/2.1 MB 18.3 MB/s  0:00:00,,0
	2026-06-14T13:03:14.1259360Z,[13:02:25+0000] Downloading pypdf-6.13.2-py3-none-any.whl (346 kB),,0
	2026-06-14T13:03:14.7557068Z,[13:02:25+0000] Downloading annotated_types-0.7.0-py3-none-any.whl (13 kB),,0
	2026-06-14T13:03:15.2280229Z,[13:02:25+0000] Downloading azure_core-1.41.0-py3-none-any.whl (220 kB),,0
	2026-06-14T13:03:15.9243552Z,[13:02:25+0000] Downloading cryptography-49.0.0-cp311-abi3-manylinux_2_34_x86_64.whl (4.7 MB),,0
	2026-06-14T13:03:16.4865037Z,[13:02:26+0000]    ━━━━━━━━━━━━━━━━━━━━━━━━━━━━━━━━━━━━━━━━ 4.7/4.7 MB 35.2 MB/s  0:00:00,,0
	2026-06-14T13:03:17.1758787Z,[13:02:26+0000] Downloading cffi-2.0.0-cp312-cp312-manylinux2014_x86_64.manylinux_2_17_x86_64.whl (219 kB),,0
	2026-06-14T13:03:17.7763479Z,[13:02:26+0000] Downloading isodate-0.7.2-py3-none-any.whl (22 kB),,0
	2026-06-14T13:03:18.4092295Z,[13:02:26+0000] Downloading markupsafe-3.0.3-cp312-cp312-manylinux2014_x86_64.manylinux_2_17_x86_64.manylinux_2_28_x86_64.whl (22 kB),,0
	2026-06-14T13:03:18.9659362Z,[13:02:26+0000] Downloading msal-1.37.0-py3-none-any.whl (123 kB),,0
	2026-06-14T13:03:19.6590939Z,[13:02:26+0000] Downloading pyjwt-2.13.0-py3-none-any.whl (31 kB),,0
	2026-06-14T13:03:20.2115926Z,[13:02:26+0000] Downloading requests-2.34.2-py3-none-any.whl (73 kB),,0
	2026-06-14T13:03:21.0024007Z,[13:02:26+0000] Downloading charset_normalizer-3.4.7-cp312-cp312-manylinux2014_x86_64.manylinux_2_17_x86_64.manylinux_2_28_x86_64.whl (216 kB),,0
	2026-06-14T13:03:22.0814537Z,[13:02:26+0000] Downloading idna-3.18-py3-none-any.whl (65 kB),,0
	2026-06-14T13:03:22.7866694Z,[13:02:26+0000] Downloading urllib3-2.7.0-py3-none-any.whl (131 kB),,0
	2026-06-14T13:03:23.3520125Z,[13:02:26+0000] Downloading certifi-2026.5.20-py3-none-any.whl (134 kB),,0
	2026-06-14T13:03:24.1163812Z,[13:02:26+0000] Downloading msal_extensions-1.3.1-py3-none-any.whl (20 kB),,0
	2026-06-14T13:03:24.5759532Z,[13:02:26+0000] Downloading typing_extensions-4.15.0-py3-none-any.whl (44 kB),,0
	2026-06-14T13:03:24.9925280Z,[13:02:26+0000] Downloading typing_inspection-0.4.2-py3-none-any.whl (14 kB),,0
	2026-06-14T13:03:25.2469168Z,[13:02:26+0000] Downloading pycparser-3.0-py3-none-any.whl (48 kB),,0
	2026-06-14T13:03:25.5701642Z,[13:02:26+0000] Installing collected packages: urllib3&comma; typing-extensions&comma; python-dotenv&comma; pypdf&comma; PyJWT&comma; pycparser&comma; markupsafe&comma; isodate&comma; idna&comma; charset_normalizer&comma; certifi&comma; annotated-types&comma; werkzeug&comma; typing-inspection&comma; requests&comma; pydantic-core&comma; cffi&comma; pydantic&comma; cryptography&comma; azure-functions&comma; azure-core&comma; azure-storage-queue&comma; azure-storage-blob&comma; azure-ai-documentintelligence&comma; msal&comma; msal-extensions&comma; azure-identity,,0
	2026-06-14T13:03:25.8222824Z,[13:02:28+0000] ,,0
	2026-06-14T13:03:26.2993970Z,[13:02:28+0000] Successfully installed PyJWT-2.13.0 annotated-types-0.7.0 azure-ai-documentintelligence-1.0.2 azure-core-1.41.0 azure-functions-1.24.0 azure-identity-1.25.3 azure-storage-blob-12.30.0 azure-storage-queue-12.17.0 certifi-2026.5.20 cffi-2.0.0 charset_normalizer-3.4.7 cryptography-49.0.0 idna-3.18 isodate-0.7.2 markupsafe-3.0.3 msal-1.37.0 msal-extensions-1.3.1 pycparser-3.0 pydantic-2.13.4 pydantic-core-2.46.4 pypdf-6.13.2 python-dotenv-1.2.2 requests-2.34.2 typing-extensions-4.15.0 typing-inspection-0.4.2 urllib3-2.7.0 werkzeug-3.1.8,,0
	2026-06-14T13:03:26.9136789Z,,,0
	2026-06-14T13:03:27.6467159Z,[notice] A new release of pip is available: 26.0.1 -> 26.1.2,,0
	2026-06-14T13:03:28.1849926Z,[notice] To update&comma; run: pip install --upgrade pip,,0
	2026-06-14T13:03:28.8945102Z,pip install done in 8 sec(s).,,0
	2026-06-14T13:03:29.3802561Z,Not a vso image&comma; so not writing build commands,,0
	2026-06-14T13:03:30.0873926Z,,,0
	2026-06-14T13:03:30.6407460Z,Copying 'requirements.txt' to destination directory...,,0
	2026-06-14T13:03:31.3584393Z,Done copying requirements.txt to destination directory.,,0
	2026-06-14T13:03:31.8993049Z,Build script snippets done in 8 sec(s).,,0
	2026-06-14T13:03:32.5912652Z,Preparing output...,,0
	2026-06-14T13:03:33.1499977Z,Using standard output preparation...,,0
	2026-06-14T13:03:33.8476570Z,,,0
	2026-06-14T13:03:34.4060775Z,Copying files to destination directory '/tmp/build/expressbuild'...,,0
	2026-06-14T13:03:35.1002163Z,Copying to destination directory done in 1 sec(s).,,0
	2026-06-14T13:03:35.5830993Z,Total time for destination directory preparation done in 1 sec(s).,,0
	2026-06-14T13:03:36.2853865Z,,,0
	2026-06-14T13:03:36.8447452Z,Removing existing manifest file,,0
	2026-06-14T13:03:37.5551236Z,Creating a manifest file...,,0
	2026-06-14T13:03:38.1049292Z,Manifest file created.,,0
	2026-06-14T13:03:38.7719470Z,Copying .ostype to manifest output directory.,,0
	2026-06-14T13:03:39.1062277Z,,,0
	2026-06-14T13:03:39.3596876Z,Total execution done in 14 sec(s).,,0
2026-06-14T13:03:42.1019507Z,Writing the artifacts to a Zip file,a4cce655-5c88-4609-894c-a48b93724634,0
2026-06-14T13:03:49.5988400Z,sending incremental file list,716c2c2b-5660-4b3a-8a2b-293796ff90ce,0
2026-06-14T13:03:52.1709230Z,20260614130340.zip,89eef936-30f0-4b49-9d9c-477a5a66c672,0
2026-06-14T13:03:54.4692127Z,,bbf44f64-7479-4b46-9066-d9a948f4b29e,0
2026-06-14T13:03:55.9808930Z,sent 50&comma;197&comma;747 bytes  received 35 bytes  20&comma;079&comma;112.80 bytes/sec,680d5aff-f782-4062-a619-c9cfe00f8bf7,0
2026-06-14T13:03:59.5336504Z,total size is 50&comma;185&comma;348  speedup is 1.00,9bcdde33-dc85-4fd3-a13e-2e4fe15f90c1,0
2026-06-14T13:04:02.5602221Z,Rsync for express build artifact transfer completed successfully,d46d3fc5-5f8a-429b-8a2d-6a69dbbb2d9d,0
2026-06-14T13:04:06.0583733Z,Running post deployment command(s)...,9f1e5037-2fe2-49d5-a8f0-35a13ace363d,0
2026-06-14T13:04:08.7506054Z,,eb4bff3e-ddcb-4e7d-a9bc-77904c57174d,0
2026-06-14T13:04:10.3912709Z,Generating summary of Oryx build,1460ffd3-15fa-4171-8ad7-d8d4e414b117,0
2026-06-14T13:04:12.3731110Z,Deployment Log file does not exist in /tmp/oryx-build.log,00501808-9942-4b34-a4c1-cc1c656e6d9d,0
2026-06-14T13:04:14.3361452Z,The logfile at /tmp/oryx-build.log is empty. Unable to fetch the summary of build,303f904a-f6bd-43ee-8447-d38a81800096,0
2026-06-14T13:04:17.6305816Z,Triggering recycle (preview mode disabled).,c68b302d-fa7a-4a6b-a057-43baab5b4db0,0
2026-06-14T13:04:24.1758804Z,Deployment successful. deployer = Push-Deployer deploymentPath = Functions App ZipDeploy. Extract zip. Remote build.,4e0e8cc5-ca7a-4722-8650-6925dccb6767,0
